// Jest Snapshot v1, https://goo.gl/fbAQLP

exports[`FilterArea expect to render FilterArea component 1`] = `ShallowWrapper {}`;
